RAM Allocation [bytes]
Variable                                                                          Address   Size
------------------------------------------------------------------------------------------------
user_pass                                                                         0x03F0      10
admin_pass                                                                        0x03FA      10
max_tries                                                                         0x0404       1
pass_len                                                                          0x0405       1
failed_attempts                                                                   0x0406       1
door_open_time                                                                    0x0407       4
is_door_open                                                                      0x040B       1
g_millis                                                                          0x040C       4

EEPROM Allocation [bytes]
Variable                                                                          Address   Size
------------------------------------------------------------------------------------------------

Register Allocation
Variable                                                                          Register  Size
------------------------------------------------------------------------------------------------

FLASH Allocation [words]
Function                                                                          Address   Size
------------------------------------------------------------------------------------------------
lock_init                                                                         0x0017C     11
lock_open_door                                                                    0x00187     15
lock_update_task                                                                  0x00196     31
lock_set_password                                                                 0x001CD     17
lock_get_max_tries                                                                0x001DE      3
lock_set_max_tries                                                                0x001E1      6
lock_get_pass_len                                                                 0x001E7      3
lock_set_pass_len                                                                 0x001EA      6
lock_get_failed_attempts                                                          0x001F0      3
lock_register_failure                                                             0x001F3      4
lock_reset_failures                                                               0x001F7      4
keypad_init                                                                       0x001FB      5
keypad_read                                                                       0x00200     63
lcd_pulse                                                                         0x0023F      7
lcd_send                                                                          0x00246     75
lcd_init                                                                          0x00291     22
lcd_clear                                                                         0x002A7      7
lcd_putc                                                                          0x002AE      7
lcd_print                                                                         0x002B5     15
lcd_gotoxy                                                                        0x002C4     21
timer0_comp_isr                                                                   0x002D9     27
timer_init                                                                        0x002F4     11
millis                                                                            0x002FF     17
wait_ms                                                                           0x00310     22
ui_get_key                                                                        0x00326     27
get_input                                                                         0x00341    102
system_lockdown                                                                   0x003A7     71
admin_menu                                                                        0x003EE    136
main                                                                              0x00476    131
strcmp                                                                            0x004F9     20
strcpy                                                                            0x0050D     13
strlen                                                                            0x0051A     12
strlenf                                                                           0x00526     13
put_buff_G101                                                                     0x00533     64
_print_G101                                                                       0x00573    308
sprintf                                                                           0x006A7     52
